Command: /home/varun/.espressif/python_env/idf5.5_py3.10_env/bin/python /home/varun/esp/esp-idf/tools/idf_monitor.py -p /dev/ttyACM0 -b 115200 --toolchain-prefix xtensa-esp32s3-elf- --target esp32s3 --revision 0 /home/varun/Thadomal_hackathon/GPS_Sensor/build/GPS_Sensor.elf /home/varun/Thadomal_hackathon/GPS_Sensor/build/bootloader/bootloader.elf -m '/home/varun/.espressif/python_env/idf5.5_py3.10_env/bin/python' '/home/varun/esp/esp-idf/tools/idf.py'
с4�ESP-ROM:esp32s3-20210327
Build:Mar 27 2021
rst:0x1 (POWERON),boot:0x8 (SPI_FAST_FLASH_BOOT)
SPIWP:0xee
mode:DIO, clock div:1
load:0x3fce2820,len:0x159c
load:0x403c8700,len:0xd24
load:0x403cb700,len:0x2f48
entry 0x403c8924
[0;32mI (24) boot: ESP-IDF v5.5 2nd stage bootloader[0m
[0;32mI (25) boot: compile time Feb 24 2026 16:50:36[0m
[0;32mI (25) boot: Multicore bootloader[0m
[0;32mI (25) boot: chip revision: v0.2[0m
[0;32mI (27) boot: efuse block revision: v1.3[0m
[0;32mI (31) boot.esp32s3: Boot SPI Speed : 80MHz[0m
[0;32mI (35) boot.esp32s3: SPI Mode       : DIO[0m
[0;32mI (39) boot.esp32s3: SPI Flash Size : 2MB[0m
[0;32mI (42) boot: Enabling RNG early entropy source...[0m
[0;32mI (47) boot: Partition Table:[0m
[0;32mI (50) boot: ## Label            Usage          Type ST Offset   Length[0m
[0;32mI (56) boot:  0 nvs              WiFi data        01 02 00009000 00006000[0m
[0;32mI (62) boot:  1 phy_init         RF data          01 01 0000f000 00001000[0m
[0;32mI (69) boot:  2 factory          factory app      00 00 00010000 00100000[0m
[0;32mI (75) boot: End of partition table[0m
[0;32mI (79) esp_image: segment 0: paddr=00010020 vaddr=3c020020 size=0a5b0h ( 42416) map[0m
[0;32mI (94) esp_image: segment 1: paddr=0001a5d8 vaddr=3fc92700 size=02ad8h ( 10968) load[0m
[0;32mI (96) esp_image: segment 2: paddr=0001d0b8 vaddr=40374000 size=02f60h ( 12128) load[0m
[0;32mI (104) esp_image: segment 3: paddr=00020020 vaddr=42000020 size=1860ch ( 99852) map[0m
[0;32mI (126) esp_image: segment 4: paddr=00038634 vaddr=40376f60 size=0b698h ( 46744) load[0m
[0;32mI (137) esp_image: segment 5: paddr=00043cd4 vaddr=600fe000 size=00020h (    32) load[0m
[0;32mI (143) boot: Loaded app from partition at offset 0x10000[0m
[0;32mI (143) boot: Disabling RNG early entropy source...[0m
[0;32mI (154) cpu_start: Multicore app[0m
[0;32mI (163) cpu_start: Pro cpu start user code[0m
[0;32mI (163) cpu_start: cpu freq: 160000000 Hz[0m
[0;32mI (163) app_init: Application information:[0m
[0;32mI (164) app_init: Project name:     GPS_Sensor[0m
[0;32mI (168) app_init: App version:      1[0m
[0;32mI (171) app_init: Compile time:     Feb 24 2026 16:50:32[0m
[0;32mI (176) app_init: ELF file SHA256:  e7a1fbd72...[0m
[0;32mI (180) app_init: ESP-IDF:          v5.5[0m
[0;32mI (184) efuse_init: Min chip rev:     v0.0[0m
[0;32mI (188) efuse_init: Max chip rev:     v0.99 [0m
[0;32mI (192) efuse_init: Chip rev:         v0.2[0m
[0;32mI (196) heap_init: Initializing. RAM available for dynamic allocation:[0m
[0;32mI (202) heap_init: At 3FC95AC8 len 00053C48 (335 KiB): RAM[0m
[0;32mI (207) heap_init: At 3FCE9710 len 00005724 (21 KiB): RAM[0m
[0;32mI (212) heap_init: At 3FCF0000 len 00008000 (32 KiB): DRAM[0m
[0;32mI (217) heap_init: At 600FE020 len 00001FC8 (7 KiB): RTCRAM[0m
[0;32mI (224) spi_flash: detected chip: boya[0m
[0;32mI (226) spi_flash: flash io: dio[0m
[0;33mW (229) spi_flash: Detected size(16384k) larger than the size in the binary image header(2048k). Using the size in the binary image header.[0m
[0;32mI (242) sleep_gpio: Configure to isolate all GPIO pins in sleep state[0m
[0;32mI (248) sleep_gpio: Enable automatic switching of GPIO sleep configuration[0m
[0;32mI (255) main_task: Started on CPU0[0m
[0;32mI (275) main_task: Calling app_main()[0m
[0;32mI (275) HX711: HX711 calibrated scale started[0m
[0;32mI (3065) WEIGHT: -86.37 grams[0m
[0;32mI (3065) RAW: 63218[0m
[0;32mI (7995) WEIGHT: -87.98 grams[0m
[0;32mI (7995) RAW: 62974[0m
[0;32mI (12935) WEIGHT: -85.44 grams[0m
[0;32mI (12935) RAW: 62515[0m
[0;32mI (17865) WEIGHT: -85.20 grams[0m
[0;32mI (17865) RAW: 62090[0m
[0;32mI (22805) WEIGHT: -84.76 grams[0m
[0;32mI (22805) RAW: 62002[0m
[0;32mI (27745) WEIGHT: -84.70 grams[0m
[0;32mI (27745) RAW: 62008[0m
[0;32mI (32675) WEIGHT: -84.65 grams[0m
[0;32mI (32675) RAW: 61896[0m
[0;32mI (37615) WEIGHT: -87.09 grams[0m
[0;32mI (37615) RAW: 32863[0m
[0;32mI (42555) WEIGHT: -0.17 grams[0m
[0;32mI (42555) RAW: -2432[0m
[0;32mI (47485) WEIGHT: -0.39 grams[0m
[0;32mI (47485) RAW: -2360[0m
[0;32mI (52425) WEIGHT: 26.02 grams[0m
[0;32mI (52425) RAW: -41034[0m
[0;32mI (57355) WEIGHT: 50.04 grams[0m
[0;32mI (57355) RAW: -41056[0m
[0;32mI (62295) WEIGHT: 50.15 grams[0m
[0;32mI (62295) RAW: -41332[0m
[0;32mI (67235) WEIGHT: -69.33 grams[0m
[0;32mI (67235) RAW: 63968[0m
[0;32mI (72165) WEIGHT: -86.77 grams[0m
[0;32mI (72165) RAW: 63266[0m
[0;32mI (77105) WEIGHT: -86.16 grams[0m
[0;32mI (77105) RAW: 62965[0m
[0;32mI (82035) WEIGHT: -32.87 grams[0m
[0;32mI (82035) RAW: -8095[0m
[0;32mI (86975) WEIGHT: 16.52 grams[0m
[0;32mI (86975) RAW: -15188[0m
[0;32mI (91905) WEIGHT: 15.84 grams[0m
[0;32mI (91905) RAW: -14621[0m
[0;32mI (96845) WEIGHT: 15.30 grams[0m
[0;32mI (96845) RAW: -13946[0m
[0;32mI (101785) WEIGHT: 14.69 grams[0m
[0;32mI (101785) RAW: -40278[0m
[0;32mI (106715) WEIGHT: 49.08 grams[0m
[0;32mI (106715) RAW: -40372[0m
[0;32mI (111655) WEIGHT: 49.16 grams[0m
[0;32mI (111655) RAW: -40399[0m
[0;32mI (116585) WEIGHT: 49.31 grams[0m
[0;32mI (116585) RAW: -40601[0m
[0;32mI (121525) WEIGHT: -24.95 grams[0m
[0;32mI (121525) RAW: 81764[0m
[0;32mI (126455) WEIGHT: -111.18 grams[0m
[0;32mI (126455) RAW: 82461[0m
[0;32mI (131395) WEIGHT: -108.87 grams[0m
[0;32mI (131395) RAW: 75104[0m
[0;32mI (136325) WEIGHT: -92.28 grams[0m
[0;32mI (136325) RAW: 70881[0m
[0;32mI (141265) WEIGHT: -91.62 grams[0m
[0;32mI (141265) RAW: 67307[0m
[0;32mI (146195) WEIGHT: -91.52 grams[0m
[0;32mI (146195) RAW: 67032[0m
[0;32mI (151135) WEIGHT: -91.33 grams[0m
[0;32mI (151135) RAW: 67136[0m
[0;32mI (156065) WEIGHT: -91.37 grams[0m
[0;32mI (156065) RAW: 67010[0m
[0;32mI (161005) WEIGHT: -91.35 grams[0m
[0;32mI (161005) RAW: 67192[0m
[0;32mI (165935) WEIGHT: -91.61 grams[0m
[0;32mI (165935) RAW: 67374[0m
[0;32mI (170875) WEIGHT: -91.95 grams[0m
[0;32mI (170875) RAW: 67681[0m
[0;32mI (175805) WEIGHT: -92.09 grams[0m
[0;32mI (175805) RAW: 67558[0m
[0;32mI (180745) WEIGHT: -91.91 grams[0m
[0;32mI (180745) RAW: 67599[0m
[0;32mI (185675) WEIGHT: -92.08 grams[0m
[0;32mI (185675) RAW: 67667[0m
[0;32mI (190615) WEIGHT: -92.08 grams[0m
[0;32mI (190615) RAW: 67640[0m
[0;32mI (195545) WEIGHT: -91.70 grams[0m
[0;32mI (195545) RAW: 67338[0m
[0;32mI (200485) WEIGHT: -91.53 grams[0m
[0;32mI (200485) RAW: 67156[0m
[0;32mI (205415) WEIGHT: -91.34 grams[0m
[0;32mI (205415) RAW: 67197[0m
[0;32mI (210355) WEIGHT: -91.55 grams[0m
[0;32mI (210355) RAW: 67384[0m
[0;32mI (215285) WEIGHT: -91.69 grams[0m
[0;32mI (215285) RAW: 67378[0m
[0;32mI (220225) WEIGHT: -91.92 grams[0m
[0;32mI (220225) RAW: 67575[0m
[0;32mI (225155) WEIGHT: -91.74 grams[0m
[0;32mI (225155) RAW: 67196[0m
[0;32mI (230095) WEIGHT: -91.30 grams[0m
[0;32mI (230095) RAW: 67048[0m
[0;32mI (235025) WEIGHT: -91.26 grams[0m
[0;32mI (235025) RAW: 67037[0m
[0;32mI (239965) WEIGHT: 639.92 grams[0m
[0;32mI (239965) RAW: 67089[0m
[0;32mI (244895) WEIGHT: -91.39 grams[0m
[0;32mI (244895) RAW: 54477[0m
[0;32mI (249835) WEIGHT: -2.52 grams[0m
[0;32mI (249835) RAW: -2359[0m
[0;32mI (254765) WEIGHT: 25.77 grams[0m
[0;32mI (254765) RAW: -40680[0m
[0;32mI (259705) WEIGHT: 49.45 grams[0m
[0;32mI (259705) RAW: -40478[0m
[0;32mI (264645) WEIGHT: 49.24 grams[0m
[0;32mI (264645) RAW: -40372[0m
[0;32mI (269575) WEIGHT: 49.14 grams[0m
[0;32mI (269575) RAW: -40291[0m
[0;32mI (274515) WEIGHT: 48.91 grams[0m
[0;32mI (274515) RAW: -40091[0m
[0;32mI (279455) WEIGHT: 48.81 grams[0m
[0;32mI (279455) RAW: -40038[0m
[0;32mI (284385) WEIGHT: 48.76 grams[0m
[0;32mI (284385) RAW: -40051[0m
[0;32mI (289325) WEIGHT: 48.72 grams[0m
[0;32mI (289325) RAW: -39997[0m
[0;32mI (294265) WEIGHT: 48.74 grams[0m
[0;32mI (294265) RAW: -40124[0m
[0;32mI (299195) WEIGHT: 48.78 grams[0m
[0;32mI (299195) RAW: -40128[0m
[0;32mI (304135) WEIGHT: 19.33 grams[0m
[0;32mI (304135) RAW: 53380[0m
[0;32mI (309075) WEIGHT: -96.74 grams[0m
[0;32mI (309075) RAW: 71042[0m
[0;32mI (314005) WEIGHT: -96.27 grams[0m
[0;32mI (314005) RAW: 70711[0m
[0;32mI (318945) WEIGHT: -95.85 grams[0m
[0;32mI (318945) RAW: 70259[0m
[0;32mI (323885) WEIGHT: -95.02 grams[0m
[0;32mI (323885) RAW: 69541[0m
[0;32mI (328815) WEIGHT: -94.10 grams[0m
[0;32mI (328815) RAW: 68944[0m
[0;32mI (333755) WEIGHT: -93.42 grams[0m
[0;32mI (333755) RAW: 68376[0m
[0;32mI (338695) WEIGHT: -92.95 grams[0m
